// Jest Snapshot v1, https://goo.gl/fbAQLP

exports[`renders correctly 1`] = `
<View
  style={
    Object {
      "alignItems": "center",
      "flexDirection": "row",
      "justifyContent": "space-around",
      "marginBottom": 20,
    }
  }
>
  <Text
    allowFontScaling={false}
    onPress={[Function]}
    style={
      Array [
        Object {
          "color": undefined,
          "fontSize": 12,
        },
        Object {
          "color": "#FFFFFF",
          "fontSize": 24,
          "paddingHorizontal": 15,
        },
        Object {
          "fontFamily": "Feather",
          "fontStyle": "normal",
          "fontWeight": "normal",
        },
      ]
    }
  >
    
  </Text>
  <Text
    allowFontScaling={false}
    onPress={[Function]}
    style={
      Array [
        Object {
          "color": undefined,
          "fontSize": 12,
        },
        Object {
          "color": "#FFFFFF",
          "fontSize": 24,
          "paddingHorizontal": 15,
        },
        Object {
          "fontFamily": "Feather",
          "fontStyle": "normal",
          "fontWeight": "normal",
        },
      ]
    }
  >
    
  </Text>
  <Text
    allowFontScaling={false}
    onPress={[Function]}
    style={
      Array [
        Object {
          "color": undefined,
          "fontSize": 12,
        },
        Object {
          "color": "#FFFFFF",
          "fontSize": 24,
          "paddingHorizontal": 15,
        },
        Object {
          "fontFamily": "Feather",
          "fontStyle": "normal",
          "fontWeight": "normal",
        },
      ]
    }
  >
    
  </Text>
  <Text
    onPress={[MockFunction]}
    style={
      Array [
        Object {
          "color": "#FFFFFF",
          "fontSize": 24,
          "paddingHorizontal": 15,
        },
        Object {
          "fontSize": 20,
          "textAlign": "center",
          "width": 84,
        },
      ]
    }
  >
    1X
  </Text>
  <Text
    allowFontScaling={false}
    onPress={[Function]}
    style={
      Array [
        Object {
          "color": undefined,
          "fontSize": 12,
        },
        Object {
          "color": "#FFFFFF",
          "fontSize": 24,
          "paddingHorizontal": 15,
        },
        Object {
          "fontFamily": "Feather",
          "fontStyle": "normal",
          "fontWeight": "normal",
        },
      ]
    }
  >
    
  </Text>
  <Text
    allowFontScaling={false}
    onPress={[Function]}
    style={
      Array [
        Object {
          "color": undefined,
          "fontSize": 12,
        },
        Object {
          "color": "#FFFFFF",
          "fontSize": 24,
          "paddingHorizontal": 15,
        },
        Object {
          "fontFamily": "Feather",
          "fontStyle": "normal",
          "fontWeight": "normal",
        },
      ]
    }
  >
    
  </Text>
  <Text
    allowFontScaling={false}
    onPress={[Function]}
    style={
      Array [
        Object {
          "color": undefined,
          "fontSize": 12,
        },
        Object {
          "color": "#FFFFFF",
          "fontSize": 24,
          "paddingHorizontal": 15,
        },
        Object {
          "fontFamily": "Feather",
          "fontStyle": "normal",
          "fontWeight": "normal",
        },
      ]
    }
  >
    
  </Text>
</View>
`;
